Archive member included to satisfy reference by file (symbol)

e:/workspace/stm_eclipseworkspace/plugins/fr.ac6.mcu.externaltools.arm-none.win32_1.15.0.201708311556/tools/compiler/bin/../lib/gcc/arm-none-eabi/6.3.1/../../../../arm-none-eabi/lib/thumb/v7e-m/fpv4-sp/hard\libc.a(lib_a-exit.o)
                              e:/workspace/stm_eclipseworkspace/plugins/fr.ac6.mcu.externaltools.arm-none.win32_1.15.0.201708311556/tools/compiler/bin/../lib/gcc/arm-none-eabi/6.3.1/../../../../arm-none-eabi/lib/thumb/v7e-m/fpv4-sp/hard/rdimon-crt0.o (exit)
e:/workspace/stm_eclipseworkspace/plugins/fr.ac6.mcu.externaltools.arm-none.win32_1.15.0.201708311556/tools/compiler/bin/../lib/gcc/arm-none-eabi/6.3.1/../../../../arm-none-eabi/lib/thumb/v7e-m/fpv4-sp/hard\libc.a(lib_a-impure.o)
                              e:/workspace/stm_eclipseworkspace/plugins/fr.ac6.mcu.externaltools.arm-none.win32_1.15.0.201708311556/tools/compiler/bin/../lib/gcc/arm-none-eabi/6.3.1/../../../../arm-none-eabi/lib/thumb/v7e-m/fpv4-sp/hard\libc.a(lib_a-exit.o) (_global_impure_ptr)
e:/workspace/stm_eclipseworkspace/plugins/fr.ac6.mcu.externaltools.arm-none.win32_1.15.0.201708311556/tools/compiler/bin/../lib/gcc/arm-none-eabi/6.3.1/../../../../arm-none-eabi/lib/thumb/v7e-m/fpv4-sp/hard\libc.a(lib_a-init.o)
                              e:/workspace/stm_eclipseworkspace/plugins/fr.ac6.mcu.externaltools.arm-none.win32_1.15.0.201708311556/tools/compiler/bin/../lib/gcc/arm-none-eabi/6.3.1/../../../../arm-none-eabi/lib/thumb/v7e-m/fpv4-sp/hard/rdimon-crt0.o (__libc_init_array)
e:/workspace/stm_eclipseworkspace/plugins/fr.ac6.mcu.externaltools.arm-none.win32_1.15.0.201708311556/tools/compiler/bin/../lib/gcc/arm-none-eabi/6.3.1/../../../../arm-none-eabi/lib/thumb/v7e-m/fpv4-sp/hard\libc.a(lib_a-memset.o)
                              e:/workspace/stm_eclipseworkspace/plugins/fr.ac6.mcu.externaltools.arm-none.win32_1.15.0.201708311556/tools/compiler/bin/../lib/gcc/arm-none-eabi/6.3.1/../../../../arm-none-eabi/lib/thumb/v7e-m/fpv4-sp/hard/rdimon-crt0.o (memset)
e:/workspace/stm_eclipseworkspace/plugins/fr.ac6.mcu.externaltools.arm-none.win32_1.15.0.201708311556/tools/compiler/bin/../lib/gcc/arm-none-eabi/6.3.1/../../../../arm-none-eabi/lib/thumb/v7e-m/fpv4-sp/hard\libc.a(lib_a-__call_atexit.o)
                              e:/workspace/stm_eclipseworkspace/plugins/fr.ac6.mcu.externaltools.arm-none.win32_1.15.0.201708311556/tools/compiler/bin/../lib/gcc/arm-none-eabi/6.3.1/../../../../arm-none-eabi/lib/thumb/v7e-m/fpv4-sp/hard\libc.a(lib_a-exit.o) (__call_exitprocs)
e:/workspace/stm_eclipseworkspace/plugins/fr.ac6.mcu.externaltools.arm-none.win32_1.15.0.201708311556/tools/compiler/bin/../lib/gcc/arm-none-eabi/6.3.1/../../../../arm-none-eabi/lib/thumb/v7e-m/fpv4-sp/hard\libc.a(lib_a-atexit.o)
                              e:/workspace/stm_eclipseworkspace/plugins/fr.ac6.mcu.externaltools.arm-none.win32_1.15.0.201708311556/tools/compiler/bin/../lib/gcc/arm-none-eabi/6.3.1/../../../../arm-none-eabi/lib/thumb/v7e-m/fpv4-sp/hard\libc.a(lib_a-__call_atexit.o) (atexit)
e:/workspace/stm_eclipseworkspace/plugins/fr.ac6.mcu.externaltools.arm-none.win32_1.15.0.201708311556/tools/compiler/bin/../lib/gcc/arm-none-eabi/6.3.1/../../../../arm-none-eabi/lib/thumb/v7e-m/fpv4-sp/hard\libc.a(lib_a-fini.o)
                              e:/workspace/stm_eclipseworkspace/plugins/fr.ac6.mcu.externaltools.arm-none.win32_1.15.0.201708311556/tools/compiler/bin/../lib/gcc/arm-none-eabi/6.3.1/../../../../arm-none-eabi/lib/thumb/v7e-m/fpv4-sp/hard\libc.a(lib_a-__call_atexit.o) (__libc_fini_array)
e:/workspace/stm_eclipseworkspace/plugins/fr.ac6.mcu.externaltools.arm-none.win32_1.15.0.201708311556/tools/compiler/bin/../lib/gcc/arm-none-eabi/6.3.1/../../../../arm-none-eabi/lib/thumb/v7e-m/fpv4-sp/hard\libc.a(lib_a-lock.o)
                              e:/workspace/stm_eclipseworkspace/plugins/fr.ac6.mcu.externaltools.arm-none.win32_1.15.0.201708311556/tools/compiler/bin/../lib/gcc/arm-none-eabi/6.3.1/../../../../arm-none-eabi/lib/thumb/v7e-m/fpv4-sp/hard\libc.a(lib_a-__call_atexit.o) (__retarget_lock_acquire_recursive)
e:/workspace/stm_eclipseworkspace/plugins/fr.ac6.mcu.externaltools.arm-none.win32_1.15.0.201708311556/tools/compiler/bin/../lib/gcc/arm-none-eabi/6.3.1/../../../../arm-none-eabi/lib/thumb/v7e-m/fpv4-sp/hard\libc.a(lib_a-__atexit.o)
                              e:/workspace/stm_eclipseworkspace/plugins/fr.ac6.mcu.externaltools.arm-none.win32_1.15.0.201708311556/tools/compiler/bin/../lib/gcc/arm-none-eabi/6.3.1/../../../../arm-none-eabi/lib/thumb/v7e-m/fpv4-sp/hard\libc.a(lib_a-atexit.o) (__register_exitproc)
e:/workspace/stm_eclipseworkspace/plugins/fr.ac6.mcu.externaltools.arm-none.win32_1.15.0.201708311556/tools/compiler/bin/../lib/gcc/arm-none-eabi/6.3.1/../../../../arm-none-eabi/lib/thumb/v7e-m/fpv4-sp/hard\librdimon.a(rdimon-syscalls.o)
[...]
Memory Configuration

Name             Origin             Length             Attributes
RAM              0x20000000         0x00020000         xrw
ROM              0x08000000         0x00100000         xr
*default*        0x00000000         0xffffffff

Linker script and memory map

LOAD e:/workspace/stm_eclipseworkspace/plugins/fr.ac6.mcu.externaltools.arm-none.win32_1.15.0.201708311556/tools/compiler/bin/../lib/gcc/arm-none-eabi/6.3.1/thumb/v7e-m/fpv4-sp/hard/crti.o
LOAD e:/workspace/stm_eclipseworkspace/plugins/fr.ac6.mcu.externaltools.arm-none.win32_1.15.0.201708311556/tools/compiler/bin/../lib/gcc/arm-none-eabi/6.3.1/thumb/v7e-m/fpv4-sp/hard/crtbegin.o
LOAD e:/workspace/stm_eclipseworkspace/plugins/fr.ac6.mcu.externaltools.arm-none.win32_1.15.0.201708311556/tools/compiler/bin/../lib/gcc/arm-none-eabi/6.3.1/../../../../arm-none-eabi/lib/thumb/v7e-m/fpv4-sp/hard/rdimon-crt0.o
LOAD e:/workspace/stm_eclipseworkspace/plugins/fr.ac6.mcu.externaltools.arm-none.win32_1.15.0.201708311556/tools/compiler/bin/../lib/gcc/arm-none-eabi/6.3.1/../../../../arm-none-eabi/lib/thumb/v7e-m/fpv4-sp/hard\libc.a
LOAD e:/workspace/stm_eclipseworkspace/plugins/fr.ac6.mcu.externaltools.arm-none.win32_1.15.0.201708311556/tools/compiler/bin/../lib/gcc/arm-none-eabi/6.3.1/../../../../arm-none-eabi/lib/thumb/v7e-m/fpv4-sp/hard\librdimon.a
LOAD drivers/src/stm32f407xx_RCC_driver.o
LOAD drivers/src/stm32f407xx_gpio_driver.o
LOAD drivers/src/stm32f407xx_spi_driver.o
LOAD drivers/src/stm32f4xx_adc.o
LOAD drivers/src/stm32f4xx_rcc.o
LOAD src/main.o
LOAD src/scheduler.o
LOAD src/tasks.o
LOAD startup/startup_stm32.o
LOAD e:/workspace/stm_eclipseworkspace/plugins/fr.ac6.mcu.externaltools.arm-none.win32_1.15.0.201708311556/tools/compiler/bin/../lib/gcc/arm-none-eabi/6.3.1/../../../../arm-none-eabi/lib/thumb/v7e-m/fpv4-sp/hard\libm.a
START GROUP
LOAD e:/workspace/stm_eclipseworkspace/plugins/fr.ac6.mcu.externaltools.arm-none.win32_1.15.0.201708311556/tools/compiler/bin/../lib/gcc/arm-none-eabi/6.3.1/thumb/v7e-m/fpv4-sp/hard\libgcc.a
LOAD e:/workspace/stm_eclipseworkspace/plugins/fr.ac6.mcu.externaltools.arm-none.win32_1.15.0.201708311556/tools/compiler/bin/../lib/gcc/arm-none-eabi/6.3.1/../../../../arm-none-eabi/lib/thumb/v7e-m/fpv4-sp/hard\libc.a
END GROUP
START GROUP
LOAD e:/workspace/stm_eclipseworkspace/plugins/fr.ac6.mcu.externaltools.arm-none.win32_1.15.0.201708311556/tools/compiler/bin/../lib/gcc/arm-none-eabi/6.3.1/thumb/v7e-m/fpv4-sp/hard\libgcc.a
LOAD e:/workspace/stm_eclipseworkspace/plugins/fr.ac6.mcu.externaltools.arm-none.win32_1.15.0.201708311556/tools/compiler/bin/../lib/gcc/arm-none-eabi/6.3.1/../../../../arm-none-eabi/lib/thumb/v7e-m/fpv4-sp/hard\libc.a
LOAD e:/workspace/stm_eclipseworkspace/plugins/fr.ac6.mcu.externaltools.arm-none.win32_1.15.0.201708311556/tools/compiler/bin/../lib/gcc/arm-none-eabi/6.3.1/../../../../arm-none-eabi/lib/thumb/v7e-m/fpv4-sp/hard\librdimon.a
END GROUP
LOAD e:/workspace/stm_eclipseworkspace/plugins/fr.ac6.mcu.externaltools.arm-none.win32_1.15.0.201708311556/tools/compiler/bin/../lib/gcc/arm-none-eabi/6.3.1/thumb/v7e-m/fpv4-sp/hard/crtend.o
LOAD e:/workspace/stm_eclipseworkspace/plugins/fr.ac6.mcu.externaltools.arm-none.win32_1.15.0.201708311556/tools/compiler/bin/../lib/gcc/arm-none-eabi/6.3.1/thumb/v7e-m/fpv4-sp/hard/crtn.o
                0x20020000                _estack = 0x20020000
                0x00000000                _Min_Heap_Size = 0x0
                0x00000400                _Min_Stack_Size = 0x400

.isr_vector     0x08000000      0x1a8
                0x08000000                . = ALIGN (0x4)
 *(.isr_vector)
 .isr_vector    0x08000000      0x1a8 startup/startup_stm32.o
                0x08000000                g_pfnVectors
                0x080001a8                . = ALIGN (0x4)

.text           0x080001c0     0x1478
                0x080001c0                . = ALIGN (0x4)
 *(.text)
 .text          0x080001c0       0x6c e:/workspace/stm_eclipseworkspace/plugins/fr.ac6.mcu.externaltools.arm-none.win32_1.15.0.201708311556/tools/compiler/bin/../lib/gcc/arm-none-eabi/6.3.1/thumb/v7e-m/fpv4-sp/hard/crtbegin.o
 *fill*         0x0800022c       0x14 
 .text          0x08000240       0xdc e:/workspace/stm_eclipseworkspace/plugins/fr.ac6.mcu.externaltools.arm-none.win32_1.15.0.201708311556/tools/compiler/bin/../lib/gcc/arm-none-eabi/6.3.1/../../../../arm-none-eabi/lib/thumb/v7e-m/fpv4-sp/hard\libc.a(lib_a-strlen.o)
                0x08000240                strlen
 *(.text*)
 .text.__libc_init_array
                0x0800031c       0x50 e:/workspace/stm_eclipseworkspace/plugins/fr.ac6.mcu.externaltools.arm-none.win32_1.15.0.201708311556/tools/compiler/bin/../lib/gcc/arm-none-eabi/6.3.1/../../../../arm-none-eabi/lib/thumb/v7e-m/fpv4-sp/hard\libc.a(lib_a-init.o)
                0x0800031c                __libc_init_array
 .text.startup.register_fini
                0x0800036c       0x14 e:/workspace/stm_eclipseworkspace/plugins/fr.ac6.mcu.externaltools.arm-none.win32_1.15.0.201708311556/tools/compiler/bin/../lib/gcc/arm-none-eabi/6.3.1/../../../../arm-none-eabi/lib/thumb/v7e-m/fpv4-sp/hard\libc.a(lib_a-__call_atexit.o)
 .text.atexit   0x08000380        0xc e:/workspace/stm_eclipseworkspace/plugins/fr.ac6.mcu.externaltools.arm-none.win32_1.15.0.201708311556/tools/compiler/bin/../lib/gcc/arm-none-eabi/6.3.1/../../../../arm-none-eabi/lib/thumb/v7e-m/fpv4-sp/hard\libc.a(lib_a-atexit.o)
                0x08000380                atexit
 .text.__libc_fini_array
                0x0800038c       0x34 e:/workspace/stm_eclipseworkspace/plugins/fr.ac6.mcu.externaltools.arm-none.win32_1.15.0.201708311556/tools/compiler/bin/../lib/gcc/arm-none-eabi/6.3.1/../../../../arm-none-eabi/lib/thumb/v7e-m/fpv4-sp/hard\libc.a(lib_a-fini.o)
                0x0800038c                __libc_fini_array
 .text.__retarget_lock_acquire_recursive
                0x080003c0        0x4 e:/workspace/stm_eclipseworkspace/plugins/fr.ac6.mcu.externaltools.arm-none.win32_1.15.0.201708311556/tools/compiler/bin/../lib/gcc/arm-none-eabi/6.3.1/../../../../arm-none-eabi/lib/thumb/v7e-m/fpv4-sp/hard\libc.a(lib_a-lock.o)
                0x080003c0                __retarget_lock_acquire_recursive
 .text.__retarget_lock_release_recursive
                0x080003c4        0x4 e:/workspace/stm_eclipseworkspace/plugins/fr.ac6.mcu.externaltools.arm-none.win32_1.15.0.201708311556/tools/compiler/bin/../lib/gcc/arm-none-eabi/6.3.1/../../../../arm-none-eabi/lib/thumb/v7e-m/fpv4-sp/hard\libc.a(lib_a-lock.o)
                0x080003c4                __retarget_lock_release_recursive
 .text.__register_exitproc
                0x080003c8       0xc4 e:/workspace/stm_eclipseworkspace/plugins/fr.ac6.mcu.externaltools.arm-none.win32_1.15.0.201708311556/tools/compiler/bin/../lib/gcc/arm-none-eabi/6.3.1/../../../../arm-none-eabi/lib/thumb/v7e-m/fpv4-sp/hard\libc.a(lib_a-__atexit.o)
                0x080003c8                __register_exitproc
 .text.GPIO_PeriClockControl
                0x0800048c      0x10c drivers/src/stm32f407xx_gpio_driver.o
                0x0800048c                GPIO_PeriClockControl
 .text.GPIO_Init
                0x08000598      0x31c drivers/src/stm32f407xx_gpio_driver.o
                0x08000598                GPIO_Init
 .text.GPIO_WriteToOutputPin
                0x080008b4       0x4a drivers/src/stm32f407xx_gpio_driver.o
                0x080008b4                GPIO_WriteToOutputPin
 .text.GPIO_ToggleOutputPin
                0x080008fe       0x2a drivers/src/stm32f407xx_gpio_driver.o
                0x080008fe                GPIO_ToggleOutputPin
 .text.GPIO_IRQInterruptConfig
                0x08000928      0x100 drivers/src/stm32f407xx_gpio_driver.o
                0x08000928                GPIO_IRQInterruptConfig
 .text.GPIO_IRQHandling
                0x08000a28       0x40 drivers/src/stm32f407xx_gpio_driver.o
                0x08000a28                GPIO_IRQHandling
 .text.SPI_PeriClockControl
                0x08000a68       0x70 drivers/src/stm32f407xx_spi_driver.o
                0x08000a68                SPI_PeriClockControl
 .text.SPI_Init
                0x08000ad8       0xb6 drivers/src/stm32f407xx_spi_driver.o
                0x08000ad8                SPI_Init
 .text.SPI_GetFlagStatus
                0x08000b8e       0x28 drivers/src/stm32f407xx_spi_driver.o
                0x08000b8e                SPI_GetFlagStatus
 .text.SPI_SendData
                0x08000bb6       0x6c drivers/src/stm32f407xx_spi_driver.o
                0x08000bb6                SPI_SendData
 .text.SPI_PeripheralControl
                0x08000c22       0x38 drivers/src/stm32f407xx_spi_driver.o
                0x08000c22                SPI_PeripheralControl
 .text.SPI_SSIConfig
                0x08000c5a       0x38 drivers/src/stm32f407xx_spi_driver.o
                0x08000c5a                SPI_SSIConfig
 .text.SPI_SSOEConfig
                0x08000c92       0x38 drivers/src/stm32f407xx_spi_driver.o
                0x08000c92                SPI_SSOEConfig
 .text.ADC_DeInit
                0x08000cca       0x1c drivers/src/stm32f4xx_adc.o
                0x08000cca                ADC_DeInit
 *fill*         0x08000ce6        0x2 
 .text.ADC_Init
                0x08000ce8       0xac drivers/src/stm32f4xx_adc.o
                0x08000ce8                ADC_Init
 .text.ADC_Cmd  0x08000d94       0x38 drivers/src/stm32f4xx_adc.o
                0x08000d94                ADC_Cmd
 .text.ADC_RegularChannelConfig
                0x08000dcc      0x194 drivers/src/stm32f4xx_adc.o
                0x08000dcc                ADC_RegularChannelConfig
 .text.ADC_SoftwareStartConv
                0x08000f60       0x20 drivers/src/stm32f4xx_adc.o
                0x08000f60                ADC_SoftwareStartConv
 .text.ADC_GetConversionValue
                0x08000f80       0x1a drivers/src/stm32f4xx_adc.o
                0x08000f80                ADC_GetConversionValue
 .text.ADC_GetFlagStatus
                0x08000f9a       0x34 drivers/src/stm32f4xx_adc.o
                0x08000f9a                ADC_GetFlagStatus
 *fill*         0x08000fce        0x2 
 .text.RCC_APB2PeriphResetCmd
                0x08000fd0       0x40 drivers/src/stm32f4xx_rcc.o
                0x08000fd0                RCC_APB2PeriphResetCmd
 .text.delay    0x08001010       0x2c src/main.o
                0x08001010                delay
 .text.delay1   0x0800103c       0x2c src/main.o
                0x0800103c                delay1
 .text.NVIC_EnableIRQ
                0x08001068       0x34 src/main.o
                0x08001068                NVIC_EnableIRQ
 .text.TIM_init
                0x0800109c       0x88 src/main.o
                0x0800109c                TIM_init
 .text.SPI2_GPIOInits
                0x08001124       0x5c src/main.o
                0x08001124                SPI2_GPIOInits
 .text.SPI2_Inits
                0x08001180       0x3c src/main.o
                0x08001180                SPI2_Inits
 .text.GPIO_ButtonInit
                0x080011bc       0x38 src/main.o
                0x080011bc                GPIO_ButtonInit
 .text.GPIO_LED
                0x080011f4       0x3c src/main.o
                0x080011f4                GPIO_LED
 .text.Configure_ADC
                0x08001230       0x94 src/main.o
                0x08001230                Configure_ADC
 .text.Get_ADC_Converted_Value
                0x080012c4       0x2c src/main.o
                0x080012c4                Get_ADC_Converted_Value
 .text.main     0x080012f0       0xb0 src/main.o
                0x080012f0                main
 .text.TIM2_IRQHandler
                0x080013a0       0x50 src/main.o
                0x080013a0                TIM2_IRQHandler
 .text.EXTI0_IRQHandler
                0x080013f0       0x1c src/main.o
                0x080013f0                EXTI0_IRQHandler
 .text.scheduler_create_task
                0x0800140c       0x44 src/scheduler.o
                0x0800140c                scheduler_create_task
 .text.scheduler_execute_task
                0x08001450       0x4c src/scheduler.o
                0x08001450                scheduler_execute_task
 .text.scheduler_delete_task
                0x0800149c       0x58 src/scheduler.o
                0x0800149c                scheduler_delete_task
 .text.led_green_blink
                0x080014f4       0x48 src/tasks.o
                0x080014f4                led_green_blink
 .text.led_yellow_blink
                0x0800153c       0x48 src/tasks.o
                0x0800153c                led_yellow_blink
 .text.led_red_blink
                0x08001584       0x48 src/tasks.o
                0x08001584                led_red_blink
 .text.Reset_Handler
                0x080015cc       0x50 startup/startup_stm32.o
                0x080015cc                Reset_Handler
 .text.Default_Handler
                0x0800161c        0x2 startup/startup_stm32.o
                0x0800161c                RTC_Alarm_IRQHandler
                0x0800161c                HASH_RNG_IRQHandler
                0x0800161c                EXTI2_IRQHandler
                0x0800161c                TIM8_CC_IRQHandler
                0x0800161c                DebugMon_Handler
                0x0800161c                TIM1_CC_IRQHandler
                0x0800161c                DMA2_Stream5_IRQHandler
                0x0800161c                HardFault_Handler
                0x0800161c                DMA1_Stream5_IRQHandler
                0x0800161c                SysTick_Handler
                0x0800161c                PVD_IRQHandler
                0x0800161c                SDIO_IRQHandler
                0x0800161c                TAMP_STAMP_IRQHandler
                0x0800161c                PendSV_Handler
                0x0800161c                NMI_Handler
                0x0800161c                CAN2_RX1_IRQHandler
                0x0800161c                EXTI3_IRQHandler
                0x0800161c                TIM8_TRG_COM_TIM14_IRQHandler
                0x0800161c                TIM1_UP_TIM10_IRQHandler
                0x0800161c                TIM8_UP_TIM13_IRQHandler
                0x0800161c                I2C3_ER_IRQHandler
                0x0800161c                LCD_TFT_IRQHandler
                0x0800161c                I2C2_EV_IRQHandler
                0x0800161c                DMA1_Stream2_IRQHandler
                0x0800161c                CAN1_RX0_IRQHandler
                0x0800161c                FPU_IRQHandler
                0x0800161c                OTG_HS_WKUP_IRQHandler
                0x0800161c                UsageFault_Handler
                0x0800161c                CAN2_SCE_IRQHandler
                0x0800161c                DMA2_Stream2_IRQHandler
                0x0800161c                SPI1_IRQHandler
                0x0800161c                TIM6_DAC_IRQHandler
                0x0800161c                TIM1_BRK_TIM9_IRQHandler
                0x0800161c                DCMI_IRQHandler
                0x0800161c                CAN2_RX0_IRQHandler
                0x0800161c                DMA2_Stream3_IRQHandler
                0x0800161c                USART6_IRQHandler
                0x0800161c                USART3_IRQHandler
                0x0800161c                CRYP_IRQHandler
                0x0800161c                CAN1_RX1_IRQHandler
                0x0800161c                UART5_IRQHandler
                0x0800161c                DMA2_Stream0_IRQHandler
                0x0800161c                TIM4_IRQHandler
                0x0800161c                I2C1_EV_IRQHandler
                0x0800161c                DMA1_Stream6_IRQHandler
                0x0800161c                DMA1_Stream1_IRQHandler
                0x0800161c                UART4_IRQHandler
                0x0800161c                LCD_TFT_1_IRQHandler
                0x0800161c                TIM3_IRQHandler
                0x0800161c                RCC_IRQHandler
                0x0800161c                TIM8_BRK_TIM12_IRQHandler
                0x0800161c                Default_Handler
                0x0800161c                EXTI15_10_IRQHandler
                0x0800161c                ADC_IRQHandler
                0x0800161c                DMA1_Stream7_IRQHandler
                0x0800161c                TIM7_IRQHandler
                0x0800161c                CAN2_TX_IRQHandler
                0x0800161c                TIM5_IRQHandler
                0x0800161c                DMA2_Stream7_IRQHandler
                0x0800161c                I2C3_EV_IRQHandler
                0x0800161c                EXTI9_5_IRQHandler
                0x0800161c                RTC_WKUP_IRQHandler
                0x0800161c                ETH_WKUP_IRQHandler
                0x0800161c                SPI2_IRQHandler
                0x0800161c                OTG_HS_EP1_IN_IRQHandler
                0x0800161c                MemManage_Handler
                0x0800161c                DMA1_Stream0_IRQHandler
                0x0800161c                CAN1_TX_IRQHandler
                0x0800161c                SVC_Handler
                0x0800161c                EXTI4_IRQHandler
                0x0800161c                FSMC_IRQHandler
                0x0800161c                ETH_IRQHandler
                0x0800161c                OTG_HS_EP1_OUT_IRQHandler
                0x0800161c                WWDG_IRQHandler
                0x0800161c                OTG_FS_WKUP_IRQHandler
                0x0800161c                TIM1_TRG_COM_TIM11_IRQHandler
                0x0800161c                OTG_HS_IRQHandler
                0x0800161c                EXTI1_IRQHandler
                0x0800161c                USART2_IRQHandler
                0x0800161c                I2C2_ER_IRQHandler
                0x0800161c                DMA2_Stream1_IRQHandler
                0x0800161c                CAN1_SCE_IRQHandler
                0x0800161c                DMA2_Stream4_IRQHandler
                0x0800161c                BusFault_Handler
                0x0800161c                USART1_IRQHandler
                0x0800161c                OTG_FS_IRQHandler
                0x0800161c                SPI3_IRQHandler
                0x0800161c                DMA1_Stream4_IRQHandler
                0x0800161c                I2C1_ER_IRQHandler
                0x0800161c                DMA2_Stream6_IRQHandler
                0x0800161c                DMA1_Stream3_IRQHandler
 *(.glue_7)
 .glue_7        0x0800161e        0x0 linker stubs
 *(.glue_7t)
 .glue_7t       0x0800161e        0x0 linker stubs
 *(.eh_frame)
 *fill*         0x0800161e        0x2 
 .eh_frame      0x08001620        0x0 e:/workspace/stm_eclipseworkspace/plugins/fr.ac6.mcu.externaltools.arm-none.win32_1.15.0.201708311556/tools/compiler/bin/../lib/gcc/arm-none-eabi/6.3.1/thumb/v7e-m/fpv4-sp/hard/crtbegin.o
 *(.init)
 .init          0x08001620        0x4 e:/workspace/stm_eclipseworkspace/plugins/fr.ac6.mcu.externaltools.arm-none.win32_1.15.0.201708311556/tools/compiler/bin/../lib/gcc/arm-none-eabi/6.3.1/thumb/v7e-m/fpv4-sp/hard/crti.o
                0x08001620                _init
 .init          0x08001624        0x8 e:/workspace/stm_eclipseworkspace/plugins/fr.ac6.mcu.externaltools.arm-none.win32_1.15.0.201708311556/tools/compiler/bin/../lib/gcc/arm-none-eabi/6.3.1/thumb/v7e-m/fpv4-sp/hard/crtn.o
 *(.fini)
 .fini          0x0800162c        0x4 e:/workspace/stm_eclipseworkspace/plugins/fr.ac6.mcu.externaltools.arm-none.win32_1.15.0.201708311556/tools/compiler/bin/../lib/gcc/arm-none-eabi/6.3.1/thumb/v7e-m/fpv4-sp/hard/crti.o
                0x0800162c                _fini
 .fini          0x08001630        0x8 e:/workspace/stm_eclipseworkspace/plugins/fr.ac6.mcu.externaltools.arm-none.win32_1.15.0.201708311556/tools/compiler/bin/../lib/gcc/arm-none-eabi/6.3.1/thumb/v7e-m/fpv4-sp/hard/crtn.o
                0x08001638                . = ALIGN (0x4)
                0x08001638                _etext = .

.vfp11_veneer   0x08001638        0x0
 .vfp11_veneer  0x08001638        0x0 linker stubs

.v4_bx          0x08001638        0x0
 .v4_bx         0x08001638        0x0 linker stubs

.iplt           0x08001638        0x0
 .iplt          0x08001638        0x0 e:/workspace/stm_eclipseworkspace/plugins/fr.ac6.mcu.externaltools.arm-none.win32_1.15.0.201708311556/tools/compiler/bin/../lib/gcc/arm-none-eabi/6.3.1/thumb/v7e-m/fpv4-sp/hard/crtbegin.o

.rodata         0x08001638        0x4
                0x08001638                . = ALIGN (0x4)
 *(.rodata)
 *(.rodata*)
 .rodata._global_impure_ptr
                0x08001638        0x4 e:/workspace/stm_eclipseworkspace/plugins/fr.ac6.mcu.externaltools.arm-none.win32_1.15.0.201708311556/tools/compiler/bin/../lib/gcc/arm-none-eabi/6.3.1/../../../../arm-none-eabi/lib/thumb/v7e-m/fpv4-sp/hard\libc.a(lib_a-impure.o)
                0x08001638                _global_impure_ptr
                0x0800163c                . = ALIGN (0x4)

.rel.dyn        0x0800163c        0x0
 .rel.iplt      0x0800163c        0x0 e:/workspace/stm_eclipseworkspace/plugins/fr.ac6.mcu.externaltools.arm-none.win32_1.15.0.201708311556/tools/compiler/bin/../lib/gcc/arm-none-eabi/6.3.1/thumb/v7e-m/fpv4-sp/hard/crtbegin.o

.ARM.extab      0x0800163c        0x0
                0x0800163c                . = ALIGN (0x4)
 *(.ARM.extab* .gnu.linkonce.armextab.*)
                0x0800163c                . = ALIGN (0x4)

.ARM            0x0800163c        0x0
                0x0800163c                . = ALIGN (0x4)
                0x0800163c                __exidx_start = .
 *(.ARM.exidx*)
                0x0800163c                __exidx_end = .
                0x0800163c                . = ALIGN (0x4)

.preinit_array  0x0800163c        0x0
                0x0800163c                . = ALIGN (0x4)
                0x0800163c                PROVIDE (__preinit_array_start, .)
 *(.preinit_array*)
                0x0800163c                PROVIDE (__preinit_array_end, .)
                0x0800163c                . = ALIGN (0x4)

.init_array     0x0800163c        0x8
                0x0800163c                . = ALIGN (0x4)
                0x0800163c                PROVIDE (__init_array_start, .)
 *(SORT(.init_array.*))
 .init_array.00000
                0x0800163c        0x4 e:/workspace/stm_eclipseworkspace/plugins/fr.ac6.mcu.externaltools.arm-none.win32_1.15.0.201708311556/tools/compiler/bin/../lib/gcc/arm-none-eabi/6.3.1/../../../../arm-none-eabi/lib/thumb/v7e-m/fpv4-sp/hard\libc.a(lib_a-__call_atexit.o)
 *(.init_array*)
 .init_array    0x08001640        0x4 e:/workspace/stm_eclipseworkspace/plugins/fr.ac6.mcu.externaltools.arm-none.win32_1.15.0.201708311556/tools/compiler/bin/../lib/gcc/arm-none-eabi/6.3.1/thumb/v7e-m/fpv4-sp/hard/crtbegin.o
                0x08001644                PROVIDE (__init_array_end, .)
                0x08001644                . = ALIGN (0x4)

.fini_array     0x08001644        0x4
                0x08001644                . = ALIGN (0x4)
                0x08001644                PROVIDE (__fini_array_start, .)
 *(SORT(.fini_array.*))
 *(.fini_array*)
 .fini_array    0x08001644        0x4 e:/workspace/stm_eclipseworkspace/plugins/fr.ac6.mcu.externaltools.arm-none.win32_1.15.0.201708311556/tools/compiler/bin/../lib/gcc/arm-none-eabi/6.3.1/thumb/v7e-m/fpv4-sp/hard/crtbegin.o
                0x08001648                PROVIDE (__fini_array_end, .)
                0x08001648                . = ALIGN (0x4)
                0x08001648                _sidata = LOADADDR (.data)

.data           0x20000000      0x444 load address 0x08001648
                0x20000000                . = ALIGN (0x4)
                0x20000000                _sdata = .
 *(.data)
 .data          0x20000000       0x16 src/main.o
                0x20000000                a
                0x20000004                user_data0
                0x2000000c                user_data1
                0x20000010                user_data2
 *(.data*)
 *fill*         0x20000016        0x2 
 .data.impure_data
                0x20000018      0x428 e:/workspace/stm_eclipseworkspace/plugins/fr.ac6.mcu.externaltools.arm-none.win32_1.15.0.201708311556/tools/compiler/bin/../lib/gcc/arm-none-eabi/6.3.1/../../../../arm-none-eabi/lib/thumb/v7e-m/fpv4-sp/hard\libc.a(lib_a-impure.o)
 .data.__atexit_recursive_mutex
                0x20000440        0x4 e:/workspace/stm_eclipseworkspace/plugins/fr.ac6.mcu.externaltools.arm-none.win32_1.15.0.201708311556/tools/compiler/bin/../lib/gcc/arm-none-eabi/6.3.1/../../../../arm-none-eabi/lib/thumb/v7e-m/fpv4-sp/hard\libc.a(lib_a-__call_atexit.o)
                0x20000440                __atexit_recursive_mutex
                0x20000444                . = ALIGN (0x4)
                0x20000444                _edata = .

.jcr            0x20000444        0x0 load address 0x08001a8c
 .jcr           0x20000444        0x0 e:/workspace/stm_eclipseworkspace/plugins/fr.ac6.mcu.externaltools.arm-none.win32_1.15.0.201708311556/tools/compiler/bin/../lib/gcc/arm-none-eabi/6.3.1/thumb/v7e-m/fpv4-sp/hard/crtbegin.o

.igot.plt       0x20000444        0x0 load address 0x08001a8c
 .igot.plt      0x20000444        0x0 e:/workspace/stm_eclipseworkspace/plugins/fr.ac6.mcu.externaltools.arm-none.win32_1.15.0.201708311556/tools/compiler/bin/../lib/gcc/arm-none-eabi/6.3.1/thumb/v7e-m/fpv4-sp/hard/crtbegin.o
                0x20000444                . = ALIGN (0x4)

.bss            0x20000444       0xdc load address 0x08001a8c
                0x20000444                _sbss = .
                0x20000444                __bss_start__ = _sbss
 *(.bss)
 .bss           0x20000444       0x1c e:/workspace/stm_eclipseworkspace/plugins/fr.ac6.mcu.externaltools.arm-none.win32_1.15.0.201708311556/tools/compiler/bin/../lib/gcc/arm-none-eabi/6.3.1/thumb/v7e-m/fpv4-sp/hard/crtbegin.o
 .bss           0x20000460        0x7 src/main.o
                0x20000460                count
                0x20000464                ledToggleFlag
                0x20000465                executeTaskFlag
                0x20000466                ledBlinkFlag
 *fill*         0x20000467        0x1 
 .bss           0x20000468        0x4 src/scheduler.o
                0x20000468                taskCount
 *(.bss*)
 *(COMMON)
 COMMON         0x2000046c       0x21 e:/workspace/stm_eclipseworkspace/plugins/fr.ac6.mcu.externaltools.arm-none.win32_1.15.0.201708311556/tools/compiler/bin/../lib/gcc/arm-none-eabi/6.3.1/../../../../arm-none-eabi/lib/thumb/v7e-m/fpv4-sp/hard\libc.a(lib_a-lock.o)
                0x2000046c                __lock___atexit_recursive_mutex
                0x20000470                __lock___arc4random_mutex
                0x20000474                __lock___env_recursive_mutex
                0x20000478                __lock___sinit_recursive_mutex
                0x2000047c                __lock___malloc_recursive_mutex
                0x20000480                __lock___at_quick_exit_mutex
                0x20000484                __lock___dd_hash_mutex
                0x20000488                __lock___tz_mutex
                0x2000048c                __lock___sfp_recursive_mutex
 *fill*         0x2000048d        0x3 
 COMMON         0x20000490       0x10 src/main.o
                0x20000490                ConvertedValue
                0x20000494                cclock
                0x20000498                cGPIO
                0x2000049c                cTIMER
 COMMON         0x200004a0       0x80 src/scheduler.o
                0x200004a0                taskList
                0x20000520                . = ALIGN (0x4)
                0x20000520                _ebss = .
                0x20000520                __bss_end__ = _ebss

._user_heap_stack
                0x20000520      0x400 load address 0x08001a8c
                0x20000520                . = ALIGN (0x8)
                0x20000520                PROVIDE (end, .)
                [!provide]                PROVIDE (_end, .)
                0x20000520                . = (. + _Min_Heap_Size)
                0x20000920                . = (. + _Min_Stack_Size)
 *fill*         0x20000520      0x400 
                0x20000920                . = ALIGN (0x8)

/DISCARD/
 libc.a(*)
 libm.a(*)
 libgcc.a(*)

.ARM.attributes
                0x00000000       0x30
 *(.ARM.attributes)
 .ARM.attributes
                0x00000000       0x22 e:/workspace/stm_eclipseworkspace/plugins/fr.ac6.mcu.externaltools.arm-none.win32_1.15.0.201708311556/tools/compiler/bin/../lib/gcc/arm-none-eabi/6.3.1/thumb/v7e-m/fpv4-sp/hard/crti.o
 .ARM.attributes
                0x00000022       0x34 e:/workspace/stm_eclipseworkspace/plugins/fr.ac6.mcu.externaltools.arm-none.win32_1.15.0.201708311556/tools/compiler/bin/../lib/gcc/arm-none-eabi/6.3.1/thumb/v7e-m/fpv4-sp/hard/crtbegin.o
 .ARM.attributes
                0x00000056       0x34 e:/workspace/stm_eclipseworkspace/plugins/fr.ac6.mcu.externaltools.arm-none.win32_1.15.0.201708311556/tools/compiler/bin/../lib/gcc/arm-none-eabi/6.3.1/../../../../arm-none-eabi/lib/thumb/v7e-m/fpv4-sp/hard\libc.a(lib_a-impure.o)
 .ARM.attributes
                0x0000008a       0x34 e:/workspace/stm_eclipseworkspace/plugins/fr.ac6.mcu.externaltools.arm-none.win32_1.15.0.201708311556/tools/compiler/bin/../lib/gcc/arm-none-eabi/6.3.1/../../../../arm-none-eabi/lib/thumb/v7e-m/fpv4-sp/hard\libc.a(lib_a-init.o)
 .ARM.attributes
                0x000000be       0x34 e:/workspace/stm_eclipseworkspace/plugins/fr.ac6.mcu.externaltools.arm-none.win32_1.15.0.201708311556/tools/compiler/bin/../lib/gcc/arm-none-eabi/6.3.1/../../../../arm-none-eabi/lib/thumb/v7e-m/fpv4-sp/hard\libc.a(lib_a-__call_atexit.o)
 .ARM.attributes
                0x000000f2       0x34 e:/workspace/stm_eclipseworkspace/plugins/fr.ac6.mcu.externaltools.arm-none.win32_1.15.0.201708311556/tools/compiler/bin/../lib/gcc/arm-none-eabi/6.3.1/../../../../arm-none-eabi/lib/thumb/v7e-m/fpv4-sp/hard\libc.a(lib_a-atexit.o)
 .ARM.attributes
                0x00000126       0x34 e:/workspace/stm_eclipseworkspace/plugins/fr.ac6.mcu.externaltools.arm-none.win32_1.15.0.201708311556/tools/compiler/bin/../lib/gcc/arm-none-eabi/6.3.1/../../../../arm-none-eabi/lib/thumb/v7e-m/fpv4-sp/hard\libc.a(lib_a-fini.o)
 .ARM.attributes
                0x0000015a       0x34 e:/workspace/stm_eclipseworkspace/plugins/fr.ac6.mcu.externaltools.arm-none.win32_1.15.0.201708311556/tools/compiler/bin/../lib/gcc/arm-none-eabi/6.3.1/../../../../arm-none-eabi/lib/thumb/v7e-m/fpv4-sp/hard\libc.a(lib_a-lock.o)
 .ARM.attributes
                0x0000018e       0x34 e:/workspace/stm_eclipseworkspace/plugins/fr.ac6.mcu.externaltools.arm-none.win32_1.15.0.201708311556/tools/compiler/bin/../lib/gcc/arm-none-eabi/6.3.1/../../../../arm-none-eabi/lib/thumb/v7e-m/fpv4-sp/hard\libc.a(lib_a-__atexit.o)
 .ARM.attributes
                0x000001c2       0x39 drivers/src/stm32f407xx_gpio_driver.o
 .ARM.attributes
                0x000001fb       0x39 drivers/src/stm32f407xx_spi_driver.o
 .ARM.attributes
                0x00000234       0x39 drivers/src/stm32f4xx_adc.o
 .ARM.attributes
                0x0000026d       0x39 drivers/src/stm32f4xx_rcc.o
 .ARM.attributes
                0x000002a6       0x39 src/main.o
 .ARM.attributes
                0x000002df       0x39 src/scheduler.o
 .ARM.attributes
                0x00000318       0x39 src/tasks.o
 .ARM.attributes
                0x00000351       0x21 startup/startup_stm32.o
 .ARM.attributes
                0x00000372       0x20 e:/workspace/stm_eclipseworkspace/plugins/fr.ac6.mcu.externaltools.arm-none.win32_1.15.0.201708311556/tools/compiler/bin/../lib/gcc/arm-none-eabi/6.3.1/../../../../arm-none-eabi/lib/thumb/v7e-m/fpv4-sp/hard\libc.a(lib_a-strlen.o)
 .ARM.attributes
                0x00000392       0x22 e:/workspace/stm_eclipseworkspace/plugins/fr.ac6.mcu.externaltools.arm-none.win32_1.15.0.201708311556/tools/compiler/bin/../lib/gcc/arm-none-eabi/6.3.1/thumb/v7e-m/fpv4-sp/hard/crtn.o
OUTPUT(masters.elf elf32-littlearm)

.debug_frame    0x00000000      0xf98
 .debug_frame   0x00000000       0x2c e:/workspace/stm_eclipseworkspace/plugins/fr.ac6.mcu.externaltools.arm-none.win32_1.15.0.201708311556/tools/compiler/bin/../lib/gcc/arm-none-eabi/6.3.1/../../../../arm-none-eabi/lib/thumb/v7e-m/fpv4-sp/hard\libc.a(lib_a-init.o)
 .debug_frame   0x0000002c       0x5c e:/workspace/stm_eclipseworkspace/plugins/fr.ac6.mcu.externaltools.arm-none.win32_1.15.0.201708311556/tools/compiler/bin/../lib/gcc/arm-none-eabi/6.3.1/../../../../arm-none-eabi/lib/thumb/v7e-m/fpv4-sp/hard\libc.a(lib_a-__call_atexit.o)
 .debug_frame   0x00000088       0x20 e:/workspace/stm_eclipseworkspace/plugins/fr.ac6.mcu.externaltools.arm-none.win32_1.15.0.201708311556/tools/compiler/bin/../lib/gcc/arm-none-eabi/6.3.1/../../../../arm-none-eabi/lib/thumb/v7e-m/fpv4-sp/hard\libc.a(lib_a-atexit.o)
 .debug_frame   0x000000a8       0x34 e:/workspace/stm_eclipseworkspace/plugins/fr.ac6.mcu.externaltools.arm-none.win32_1.15.0.201708311556/tools/compiler/bin/../lib/gcc/arm-none-eabi/6.3.1/../../../../arm-none-eabi/lib/thumb/v7e-m/fpv4-sp/hard\libc.a(lib_a-fini.o)
 .debug_frame   0x000000dc       0xb0 e:/workspace/stm_eclipseworkspace/plugins/fr.ac6.mcu.externaltools.arm-none.win32_1.15.0.201708311556/tools/compiler/bin/../lib/gcc/arm-none-eabi/6.3.1/../../../../arm-none-eabi/lib/thumb/v7e-m/fpv4-sp/hard\libc.a(lib_a-lock.o)
 .debug_frame   0x0000018c       0x34 e:/workspace/stm_eclipseworkspace/plugins/fr.ac6.mcu.externaltools.arm-none.win32_1.15.0.201708311556/tools/compiler/bin/../lib/gcc/arm-none-eabi/6.3.1/../../../../arm-none-eabi/lib/thumb/v7e-m/fpv4-sp/hard\libc.a(lib_a-__atexit.o)
 .debug_frame   0x000001c0      0x1c8 drivers/src/stm32f407xx_gpio_driver.o
 .debug_frame   0x00000388      0x33c drivers/src/stm32f407xx_spi_driver.o
 .debug_frame   0x000006c4      0x5ec drivers/src/stm32f4xx_adc.o
 .debug_frame   0x00000cb0       0x38 drivers/src/stm32f4xx_rcc.o
 .debug_frame   0x00000ce8      0x1c8 src/main.o
 .debug_frame   0x00000eb0       0x84 src/scheduler.o
 .debug_frame   0x00000f34       0x64 src/tasks.o

.debug_info     0x00000000     0x50ba
 .debug_info    0x00000000      0x789 drivers/src/stm32f407xx_gpio_driver.o
 .debug_info    0x00000789      0x8b1 drivers/src/stm32f407xx_spi_driver.o
 .debug_info    0x0000103a     0x142a drivers/src/stm32f4xx_adc.o
 .debug_info    0x00002464      0xaec drivers/src/stm32f4xx_rcc.o
 .debug_info    0x00002f50     0x15fe src/main.o
 .debug_info    0x0000454e      0x13d src/scheduler.o
 .debug_info    0x0000468b      0x9c4 src/tasks.o
 .debug_info    0x0000504f       0x6b startup/startup_stm32.o

.debug_abbrev   0x00000000      0xd5d
 .debug_abbrev  0x00000000      0x182 drivers/src/stm32f407xx_gpio_driver.o
 .debug_abbrev  0x00000182      0x1da drivers/src/stm32f407xx_spi_driver.o
 .debug_abbrev  0x0000035c      0x26d drivers/src/stm32f4xx_adc.o
 .debug_abbrev  0x000005c9      0x1d6 drivers/src/stm32f4xx_rcc.o
 .debug_abbrev  0x0000079f      0x2e3 src/main.o
 .debug_abbrev  0x00000a82      0x104 src/scheduler.o
 .debug_abbrev  0x00000b86      0x1c5 src/tasks.o
 .debug_abbrev  0x00000d4b       0x12 startup/startup_stm32.o

.debug_aranges  0x00000000      0x3a0
 .debug_aranges
                0x00000000       0x70 drivers/src/stm32f407xx_gpio_driver.o
 .debug_aranges
                0x00000070       0xc0 drivers/src/stm32f407xx_spi_driver.o
 .debug_aranges
                0x00000130      0x148 drivers/src/stm32f4xx_adc.o
 .debug_aranges
                0x00000278       0x20 drivers/src/stm32f4xx_rcc.o
 .debug_aranges
                0x00000298       0x80 src/main.o
 .debug_aranges
                0x00000318       0x30 src/scheduler.o
 .debug_aranges
                0x00000348       0x30 src/tasks.o
 .debug_aranges
                0x00000378       0x28 startup/startup_stm32.o

.debug_ranges   0x00000000      0x328
 .debug_ranges  0x00000000       0x60 drivers/src/stm32f407xx_gpio_driver.o
 .debug_ranges  0x00000060       0xb0 drivers/src/stm32f407xx_spi_driver.o
 .debug_ranges  0x00000110      0x138 drivers/src/stm32f4xx_adc.o
 .debug_ranges  0x00000248       0x10 drivers/src/stm32f4xx_rcc.o
 .debug_ranges  0x00000258       0x70 src/main.o
 .debug_ranges  0x000002c8       0x20 src/scheduler.o
 .debug_ranges  0x000002e8       0x20 src/tasks.o
 .debug_ranges  0x00000308       0x20 startup/startup_stm32.o

.debug_macro    0x00000000     0x31fc
 .debug_macro   0x00000000       0xa8 drivers/src/stm32f407xx_gpio_driver.o
 .debug_macro   0x000000a8      0x174 drivers/src/stm32f407xx_gpio_driver.o
 .debug_macro   0x0000021c       0x22 drivers/src/stm32f407xx_gpio_driver.o
 .debug_macro   0x0000023e       0x87 drivers/src/stm32f407xx_gpio_driver.o
 .debug_macro   0x000002c5       0x51 drivers/src/stm32f407xx_gpio_driver.o
 .debug_macro   0x00000316       0xef drivers/src/stm32f407xx_gpio_driver.o
 .debug_macro   0x00000405       0x6a drivers/src/stm32f407xx_gpio_driver.o
 .debug_macro   0x0000046f      0x1df drivers/src/stm32f407xx_gpio_driver.o
 .debug_macro   0x0000064e      0xa35 drivers/src/stm32f407xx_gpio_driver.o
 .debug_macro   0x00001083       0xbe drivers/src/stm32f407xx_gpio_driver.o
 .debug_macro   0x00001141      0x3d1 drivers/src/stm32f407xx_gpio_driver.o
 .debug_macro   0x00001512       0xc4 drivers/src/stm32f407xx_gpio_driver.o
 .debug_macro   0x000015d6       0xa8 drivers/src/stm32f407xx_spi_driver.o
 .debug_macro   0x0000167e      0x2b3 drivers/src/stm32f4xx_adc.o
 .debug_macro   0x00001931       0x6b drivers/src/stm32f4xx_adc.o
 .debug_macro   0x0000199c       0xc4 drivers/src/stm32f4xx_adc.o
 .debug_macro   0x00001a60       0x58 drivers/src/stm32f4xx_adc.o
 .debug_macro   0x00001ab8       0x35 drivers/src/stm32f4xx_adc.o
 .debug_macro   0x00001aed       0x9c drivers/src/stm32f4xx_adc.o
 .debug_macro   0x00001b89       0x16 drivers/src/stm32f4xx_adc.o
 .debug_macro   0x00001b9f       0x35 drivers/src/stm32f4xx_adc.o
 .debug_macro   0x00001bd4      0x330 drivers/src/stm32f4xx_adc.o
 .debug_macro   0x00001f04       0x10 drivers/src/stm32f4xx_adc.o
 .debug_macro   0x00001f14       0x58 drivers/src/stm32f4xx_adc.o
 .debug_macro   0x00001f6c       0x1f drivers/src/stm32f4xx_adc.o
 .debug_macro   0x00001f8b       0x43 drivers/src/stm32f4xx_adc.o
 .debug_macro   0x00001fce       0x20 drivers/src/stm32f4xx_adc.o
 .debug_macro   0x00001fee      0x187 drivers/src/stm32f4xx_adc.o
 .debug_macro   0x00002175       0x10 drivers/src/stm32f4xx_adc.o
 .debug_macro   0x00002185       0x1c drivers/src/stm32f4xx_adc.o
 .debug_macro   0x000021a1       0x52 drivers/src/stm32f4xx_adc.o
 .debug_macro   0x000021f3       0x40 drivers/src/stm32f4xx_adc.o
 .debug_macro   0x00002233       0x10 drivers/src/stm32f4xx_adc.o
 .debug_macro   0x00002243       0x40 drivers/src/stm32f4xx_adc.o
 .debug_macro   0x00002283       0xd7 drivers/src/stm32f4xx_adc.o
 .debug_macro   0x0000235a       0x16 drivers/src/stm32f4xx_adc.o
 .debug_macro   0x00002370      0x18b drivers/src/stm32f4xx_adc.o
 .debug_macro   0x000024fb      0x44a drivers/src/stm32f4xx_adc.o
 .debug_macro   0x00002945       0x16 drivers/src/stm32f4xx_adc.o
 .debug_macro   0x0000295b       0xca drivers/src/stm32f4xx_adc.o
 .debug_macro   0x00002a25      0x214 drivers/src/stm32f4xx_rcc.o
 .debug_macro   0x00002c39       0x52 drivers/src/stm32f4xx_rcc.o
 .debug_macro   0x00002c8b       0x8d drivers/src/stm32f4xx_rcc.o
 .debug_macro   0x00002d18       0x57 drivers/src/stm32f4xx_rcc.o
 .debug_macro   0x00002d6f       0x10 drivers/src/stm32f4xx_rcc.o
 .debug_macro   0x00002d7f       0x1c drivers/src/stm32f4xx_rcc.o
 .debug_macro   0x00002d9b      0x22e src/main.o
 .debug_macro   0x00002fc9       0x21 src/scheduler.o
 .debug_macro   0x00002fea      0x212 src/tasks.o

.debug_line     0x00000000     0x2648
 .debug_line    0x00000000      0x587 drivers/src/stm32f407xx_gpio_driver.o
 .debug_line    0x00000587      0x5cf drivers/src/stm32f407xx_spi_driver.o
 .debug_line    0x00000b56      0x8ad drivers/src/stm32f4xx_adc.o
 .debug_line    0x00001403      0x530 drivers/src/stm32f4xx_rcc.o
 .debug_line    0x00001933      0x6ae src/main.o
 .debug_line    0x00001fe1       0xc6 src/scheduler.o
 .debug_line    0x000020a7      0x523 src/tasks.o
 .debug_line    0x000025ca       0x7e startup/startup_stm32.o

.debug_str      0x00000000     0xf95f
 .debug_str     0x00000000     0x6d1d drivers/src/stm32f407xx_gpio_driver.o
                               0x6f2d (size before relaxing)
 .debug_str     0x00006d1d      0x2b6 drivers/src/stm32f407xx_spi_driver.o
                               0x6fb8 (size before relaxing)
 .debug_str     0x00006fd3     0x81a2 drivers/src/stm32f4xx_adc.o
                               0xed96 (size before relaxing)
 .debug_str     0x0000f175       0x45 drivers/src/stm32f4xx_rcc.o
                               0xb40e (size before relaxing)
 .debug_str     0x0000f1ba      0x6c9 src/main.o
                               0xe84c (size before relaxing)
 .debug_str     0x0000f883       0x9e src/scheduler.o
                               0x2630 (size before relaxing)
 .debug_str     0x0000f921       0x3e src/tasks.o
                               0xa9a9 (size before relaxing)

.comment        0x00000000       0x7f
 .comment       0x00000000       0x7f drivers/src/stm32f407xx_gpio_driver.o
                                 0x80 (size before relaxing)
 .comment       0x0000007f       0x80 drivers/src/stm32f407xx_spi_driver.o
 .comment       0x0000007f       0x80 drivers/src/stm32f4xx_adc.o
 .comment       0x0000007f       0x80 drivers/src/stm32f4xx_rcc.o
 .comment       0x0000007f       0x80 src/main.o
 .comment       0x0000007f       0x80 src/scheduler.o
 .comment       0x0000007f       0x80 src/tasks.o
